// Jest Snapshot v1, https://goo.gl/fbAQLP

exports[`<BandCard /> should render the component correctly 1`] = `
Object {
  "asFragment": [Function],
  "baseElement": <body>
    <div>
      <div
        class="card-0-2-8"
      >
        <div
          class="cardWrapper-0-2-1"
        >
          <div
            class="bandImage-0-2-2"
          >
            <img
              alt="Band-image"
              src="image"
            />
          </div>
          <div
            class="bandInfo-0-2-5"
          >
            <p
              class="name-0-2-3"
            >
              Band
            </p>
            <p
              class="genre-0-2-4"
            >
              genre
            </p>
          </div>
        </div>
        <div
          class="bandPlays-0-2-6"
        >
          <p
            class="plays-0-2-7"
          >
            Plays: 
            10000
          </p>
        </div>
      </div>
    </div>
  </body>,
  "container": <div>
    <div
      class="card-0-2-8"
    >
      <div
        class="cardWrapper-0-2-1"
      >
        <div
          class="bandImage-0-2-2"
        >
          <img
            alt="Band-image"
            src="image"
          />
        </div>
        <div
          class="bandInfo-0-2-5"
        >
          <p
            class="name-0-2-3"
          >
            Band
          </p>
          <p
            class="genre-0-2-4"
          >
            genre
          </p>
        </div>
      </div>
      <div
        class="bandPlays-0-2-6"
      >
        <p
          class="plays-0-2-7"
        >
          Plays: 
          10000
        </p>
      </div>
    </div>
  </div>,
  "debug": [Function],
  "findAllByAltText": [Function],
  "findAllByDisplayValue": [Function],
  "findAllByLabelText": [Function],
  "findAllByPlaceholderText": [Function],
  "findAllByRole": [Function],
  "findAllByTestId": [Function],
  "findAllByText": [Function],
  "findAllByTitle": [Function],
  "findByAltText": [Function],
  "findByDisplayValue": [Function],
  "findByLabelText": [Function],
  "findByPlaceholderText": [Function],
  "findByRole": [Function],
  "findByTestId": [Function],
  "findByText": [Function],
  "findByTitle": [Function],
  "getAllByAltText": [Function],
  "getAllByDisplayValue": [Function],
  "getAllByLabelText": [Function],
  "getAllByPlaceholderText": [Function],
  "getAllByRole": [Function],
  "getAllByTestId": [Function],
  "getAllByText": [Function],
  "getAllByTitle": [Function],
  "getByAltText": [Function],
  "getByDisplayValue": [Function],
  "getByLabelText": [Function],
  "getByPlaceholderText": [Function],
  "getByRole": [Function],
  "getByTestId": [Function],
  "getByText": [Function],
  "getByTitle": [Function],
  "queryAllByAltText": [Function],
  "queryAllByDisplayValue": [Function],
  "queryAllByLabelText": [Function],
  "queryAllByPlaceholderText": [Function],
  "queryAllByRole": [Function],
  "queryAllByTestId": [Function],
  "queryAllByText": [Function],
  "queryAllByTitle": [Function],
  "queryByAltText": [Function],
  "queryByDisplayValue": [Function],
  "queryByLabelText": [Function],
  "queryByPlaceholderText": [Function],
  "queryByRole": [Function],
  "queryByTestId": [Function],
  "queryByText": [Function],
  "queryByTitle": [Function],
  "rerender": [Function],
  "unmount": [Function],
}
`;
